       1                                ;23456789012345678901234567890123
       2 000000 016767  000044  000036  START:	MOV	ZERO,OUT	;SET PROD TO 0
       3 000006 016767  000026  000032  S2:	MOV	IN1,CNTR	;SET COUNTER TO IN1
       4 000014 001001                  S3:	BNE	S4		;CHECK IF THE COUNTER IS  BY CHECKING THE Z BIT, IF IT IS NOT 0 BRANCH
       5 000016 000407                  	BR 	DONE		;BRANCH TO DONE WHEN THE COUNTER IS 0
       6 000020 066767  000016  000016  S4:	ADD	IN2,OUT		;ADD IN2 TO THE PRODUCT ONCE (IT SHOULD LOOP IN1 TIMES)
       7 000026 166767  000020  000012  	SUB	ONE,CNTR	;DECREMENT COUNTER
       8 000034 000767                  	BR	S3		;GO BACK TO THE BEGINNING OF THE LOOP
       9 000036 000000                  DONE:	HALT
      10 000040                         IN1:	.BLKW	1		;IN	-ZERO OR POS 2'S COMPL
      11 000042                         IN2:	.BLKW	1		;IN	-ZERO OR POS 2'S COMPL
      12 000044                         OUT:	.BLKW	1		;OUT	-PRODUCT OF (IN1) AND (IN2) AS 2'S COMPL
      13 000046                         CNTR:	.BLKW	1		;COUNTER
      14 000050 000000                  ZERO:	.WORD	0		;MAKE CONSTANT 0
      14 000052 000001                  ONE:	.WORD	1		;MAKE CONSTANT 1

Symbol Table:
CNTR	  000046 
DONE	  000036 
IN1	  000040 
IN2	  000042 
ONE	  000052 
OUT	  000044 
S2	  000006 
S3	  000014 
S4	  000020 
START	  000000 
ZERO	  000050 
